INFO 2026-03-08 15:04:36,151 autoreload 38380 31524 Watching for file changes with StatReloader
INFO 2026-03-08 15:05:04,177 log 38380 37996 "POST /api/payments/create/ HTTP/1.1" 200 110
INFO 2026-03-08 15:08:12,268 log 38380 37996 "POST /api/payments/create/ HTTP/1.1" 200 110
INFO 2026-03-08 15:08:34,635 log 38380 37996 "GET /api/products/ HTTP/1.1" 200 589
INFO 2026-03-08 15:08:34,731 log 38380 37996 "GET /api/products/ HTTP/1.1" 200 589
INFO 2026-03-08 15:09:32,747 log 38380 37996 "GET /api/products/ HTTP/1.1" 200 589
INFO 2026-03-08 15:09:32,817 log 38380 37996 "GET /api/products/ HTTP/1.1" 200 589
INFO 2026-03-08 15:09:37,999 log 38380 37996 "POST /api/cart/remove/ HTTP/1.1" 200 84
INFO 2026-03-08 15:09:39,721 log 38380 37996 "GET /api/products/ HTTP/1.1" 200 589
INFO 2026-03-08 15:09:39,809 log 38380 37996 "GET /api/products/ HTTP/1.1" 200 589
INFO 2026-03-08 15:10:15,249 log 38380 37996 "POST /api/cart/add/ HTTP/1.1" 200 511
INFO 2026-03-08 15:10:45,482 log 38380 37996 "POST /api/payments/create/ HTTP/1.1" 200 110
INFO 2026-03-08 15:11:27,567 log 38380 37996 "POST /api/cart/remove/ HTTP/1.1" 200 84
INFO 2026-03-08 17:00:12,743 log 38380 16864 "OPTIONS /api/cart/ HTTP/1.1" 200 0
INFO 2026-03-08 17:00:12,771 log 38380 16864 "OPTIONS /api/cart/ HTTP/1.1" 200 0
WARNING 2026-03-08 17:00:12,916 log 38380 16864 Unauthorized: /api/cart/
WARNING 2026-03-08 17:00:12,933 log 38380 16864 "GET /api/cart/ HTTP/1.1" 401 172
WARNING 2026-03-08 17:00:12,979 log 38380 16864 Unauthorized: /api/cart/
WARNING 2026-03-08 17:00:12,995 log 38380 16864 "GET /api/cart/ HTTP/1.1" 401 172
INFO 2026-03-08 17:00:19,608 log 38380 16864 "GET /api/products/ HTTP/1.1" 200 589
INFO 2026-03-08 17:00:19,725 log 38380 16864 "GET /api/products/ HTTP/1.1" 200 589
WARNING 2026-03-08 17:04:42,843 log 38380 21576 Unauthorized: /api/cart/
WARNING 2026-03-08 17:04:42,852 log 38380 21576 "GET /api/cart/ HTTP/1.1" 401 172
WARNING 2026-03-08 17:04:42,863 log 38380 21576 Unauthorized: /api/cart/
WARNING 2026-03-08 17:04:42,867 log 38380 21576 "GET /api/cart/ HTTP/1.1" 401 172
INFO 2026-03-08 17:04:43,068 log 38380 25416 "GET /api/products/ HTTP/1.1" 200 589
INFO 2026-03-08 17:04:43,267 log 38380 25416 "GET /api/products/ HTTP/1.1" 200 589
